Copyright 1986-2022 Xilinx, Inc. All Rights Reserved. Copyright 2022-2025 Advanced Micro Devices, Inc. All Rights Reserved.
---------------------------------------------------------------------------------------------------------------------------------------------
| Tool Version : Vivado v.2025.2 (lin64) Build 6299465 Fri Nov 14 12:34:56 MST 2025
| Date         : Thu May 14 02:34:34 2026
| Host         : docker-desktop running 64-bit Ubuntu"
VERSION_ID="22.04 22.04.5 LTS (Jammy Jellyfish)"
VERSION_CODENAME=jammy
| Command      : report_control_sets -verbose -file ov7670_top_control_sets_placed.rpt
| Design       : ov7670_top
| Device       : xc7a35t
---------------------------------------------------------------------------------------------------------------------------------------------

Control Set Information

Table of Contents
-----------------
1. Summary
2. Histogram
3. Flip-Flop Distribution
4. Detailed Control Set Information

1. Summary
----------

+----------------------------------------------------------+-------+
|                          Status                          | Count |
+----------------------------------------------------------+-------+
| Total control sets                                       |    15 |
|    Minimum number of control sets                        |    15 |
|    Addition due to synthesis replication                 |     0 |
|    Addition due to physical synthesis replication        |     0 |
| Unused register locations in slices containing registers |    49 |
+----------------------------------------------------------+-------+
* Control sets can be merged at opt_design using control_set_merge or merge_equivalent_drivers
** Run report_qor_suggestions for automated merging and remapping suggestions


2. Histogram
------------

+--------------------+-------+
|       Fanout       | Count |
+--------------------+-------+
| Total control sets |    15 |
| >= 0 to < 4        |     3 |
| >= 4 to < 6        |     1 |
| >= 6 to < 8        |     1 |
| >= 8 to < 10       |     3 |
| >= 10 to < 12      |     0 |
| >= 12 to < 14      |     1 |
| >= 14 to < 16      |     1 |
| >= 16              |     5 |
+--------------------+-------+
* Control sets can be remapped at either synth_design or opt_design


3. Flip-Flop Distribution
-------------------------

+--------------+-----------------------+------------------------+-----------------+--------------+
| Clock Enable | Synchronous Set/Reset | Asynchronous Set/Reset | Total Registers | Total Slices |
+--------------+-----------------------+------------------------+-----------------+--------------+
| No           | No                    | No                     |              35 |           18 |
| No           | No                    | Yes                    |              23 |           10 |
| No           | Yes                   | No                     |              43 |           12 |
| Yes          | No                    | No                     |              27 |           18 |
| Yes          | No                    | Yes                    |              20 |            9 |
| Yes          | Yes                   | No                     |              35 |           12 |
+--------------+-----------------------+------------------------+-----------------+--------------+


4. Detailed Control Set Information
-----------------------------------

+------------------------+-------------------------------+------------------------------------+------------------+----------------+--------------+
|      Clock Signal      |         Enable Signal         |          Set/Reset Signal          | Slice Load Count | Bel Load Count | Bels / Slice |
+------------------------+-------------------------------+------------------------------------+------------------+----------------+--------------+
|  clk_div/inst/clk_out1 |                               |                                    |                1 |              1 |         1.00 |
|  clk_div/inst/clk_out2 | IIC/sccb_sender/i2c_negclk    | btn_debounce/o                     |                1 |              1 |         1.00 |
|  OV7670_PCLK_IBUF_BUFG |                               |                                    |                2 |              3 |         1.50 |
|  clk_div/inst/clk_out2 | IIC/sccb_sender/E[0]          | btn_debounce/o                     |                2 |              5 |         2.50 |
|  clk_div/inst/clk_out2 | IIC/sccb_sender/SD_COUNTER[0] | btn_debounce/o                     |                3 |              6 |         2.00 |
|  clk_div/inst/clk_out2 | IIC/LUT_INDEX[0]_i_1_n_0      | btn_debounce/o                     |                3 |              8 |         2.67 |
|  OV7670_PCLK_IBUF_BUFG | capture/x_reg[0]              | capture/addr_i_2_n_0               |                3 |              8 |         2.67 |
|  OV7670_PCLK_IBUF_BUFG | capture/p_0_in                | capture/RSTC                       |                3 |              9 |         3.00 |
|  OV7670_PCLK_IBUF_BUFG | capture/dout1[11]_i_1_n_0     |                                    |                8 |             12 |         1.50 |
|  OV7670_PCLK_IBUF_BUFG | capture/d_latch[15]_i_1_n_0   |                                    |               10 |             15 |         1.50 |
|  clk_div/inst/clk_out2 | vga_display/v_count_reg0      | vga_display/v_count_reg[9]_i_1_n_0 |                6 |             18 |         3.00 |
|  clk_div/inst/clk_out2 |                               | vga_display/v_count_reg0           |                6 |             19 |         3.17 |
|  clk_div/inst/clk_out2 |                               | btn_debounce/o                     |               10 |             23 |         2.30 |
|  clk_div/inst/clk_out1 |                               | btn_debounce/clear                 |                6 |             24 |         4.00 |
|  clk_div/inst/clk_out2 |                               |                                    |               15 |             33 |         2.20 |
+------------------------+-------------------------------+------------------------------------+------------------+----------------+--------------+


