Copyright 1986-2022 Xilinx, Inc. All Rights Reserved. Copyright 2022-2025 Advanced Micro Devices, Inc. All Rights Reserved.
----------------------------------------------------------------------------------------------------------------------------------------------------
| Tool Version     : Vivado v.2025.2 (lin64) Build 6299465 Fri Nov 14 12:34:56 MST 2025
| Date             : Thu May 14 02:34:49 2026
| Host             : docker-desktop running 64-bit Ubuntu"
VERSION_ID="22.04 22.04.5 LTS (Jammy Jellyfish)"
VERSION_CODENAME=jammy
| Command          : report_power -file ov7670_top_power_routed.rpt -pb ov7670_top_power_summary_routed.pb -rpx ov7670_top_power_routed.rpx
| Design           : ov7670_top
| Device           : xc7a35tcpg236-1
| Design State     : routed
| Grade            : commercial
| Process          : typical
| Characterization : Production
----------------------------------------------------------------------------------------------------------------------------------------------------

Power Report

Table of Contents
-----------------
1. Summary
1.1 On-Chip Components
1.2 Power Supply Summary
1.3 Confidence Level
2. Settings
2.1 Environment
2.2 Clock Constraints
3. Detailed Reports
3.1 By Hierarchy

1. Summary
----------

+--------------------------+--------------+
| Total On-Chip Power (W)  | 0.170        |
| Design Power Budget (W)  | Unspecified* |
| Power Budget Margin (W)  | NA           |
| Dynamic (W)              | 0.097        |
| Device Static (W)        | 0.073        |
| Effective TJA (C/W)      | 5.0          |
| Max Ambient (C)          | 84.1         |
| Junction Temperature (C) | 25.9         |
| Confidence Level         | Low          |
| Setting File             | ---          |
| Simulation Activity File | ---          |
| Design Nets Matched      | NA           |
+--------------------------+--------------+
* Specify Design Power Budget using, set_operating_conditions -design_power_budget <value in Watts>


1.1 On-Chip Components
----------------------

+-------------------------+-----------+----------+-----------+-----------------+
| On-Chip                 | Power (W) | Used     | Available | Utilization (%) |
+-------------------------+-----------+----------+-----------+-----------------+
| Clocks                  |     0.002 |        7 |       --- |             --- |
| Slice Logic             |    <0.001 |      883 |       --- |             --- |
|   LUT as Logic          |    <0.001 |      438 |     20800 |            2.11 |
|   Register              |    <0.001 |      183 |     41600 |            0.44 |
|   CARRY4                |    <0.001 |       28 |      8150 |            0.34 |
|   BUFG                  |    <0.001 |        1 |        32 |            3.13 |
|   F7/F8 Muxes           |    <0.001 |       32 |     32600 |            0.10 |
|   LUT as Shift Register |    <0.001 |        2 |      9600 |            0.02 |
|   Others                |     0.000 |       92 |       --- |             --- |
| Signals                 |     0.001 |      869 |       --- |             --- |
| Block RAM               |     0.003 |     26.5 |        50 |           53.00 |
| MMCM                    |     0.085 |        1 |         5 |           20.00 |
| DSPs                    |    <0.001 |        1 |        90 |            1.11 |
| I/O                     |     0.006 |       40 |       106 |           37.74 |
| Static Power            |     0.073 |          |           |                 |
| Total                   |     0.170 |          |           |                 |
+-------------------------+-----------+----------+-----------+-----------------+


1.2 Power Supply Summary
------------------------

+-----------+-------------+-----------+-------------+------------+-------------+-------------+------------+
| Source    | Voltage (V) | Total (A) | Dynamic (A) | Static (A) | Powerup (A) | Budget (A)  | Margin (A) |
+-----------+-------------+-----------+-------------+------------+-------------+-------------+------------+
| Vccint    |       1.000 |     0.017 |       0.007 |      0.010 |       NA    | Unspecified | NA         |
| Vccaux    |       1.800 |     0.060 |       0.047 |      0.013 |       NA    | Unspecified | NA         |
| Vcco33    |       3.300 |     0.003 |       0.002 |      0.001 |       NA    | Unspecified | NA         |
| Vcco25    |       2.500 |     0.000 |       0.000 |      0.000 |       NA    | Unspecified | NA         |
| Vcco18    |       1.800 |     0.000 |       0.000 |      0.000 |       NA    | Unspecified | NA         |
| Vcco15    |       1.500 |     0.000 |       0.000 |      0.000 |       NA    | Unspecified | NA         |
| Vcco135   |       1.350 |     0.000 |       0.000 |      0.000 |       NA    | Unspecified | NA         |
| Vcco12    |       1.200 |     0.000 |       0.000 |      0.000 |       NA    | Unspecified | NA         |
| Vccaux_io |       1.800 |     0.000 |       0.000 |      0.000 |       NA    | Unspecified | NA         |
| Vccbram   |       1.000 |     0.001 |       0.000 |      0.001 |       NA    | Unspecified | NA         |
| MGTAVcc   |       1.000 |     0.000 |       0.000 |      0.000 |       NA    | Unspecified | NA         |
| MGTAVtt   |       1.200 |     0.000 |       0.000 |      0.000 |       NA    | Unspecified | NA         |
| Vccadc    |       1.800 |     0.020 |       0.000 |      0.020 |       NA    | Unspecified | NA         |
+-----------+-------------+-----------+-------------+------------+-------------+-------------+------------+


1.3 Confidence Level
--------------------

+-----------------------------+------------+--------------------------------------------------------+--------------------------------------------------------------------------------------------------------------------+
| User Input Data             | Confidence | Details                                                | Action                                                                                                             |
+-----------------------------+------------+--------------------------------------------------------+--------------------------------------------------------------------------------------------------------------------+
| Design implementation state | High       | Design is routed                                       |                                                                                                                    |
| Clock nodes activity        | Low        | User specified less than 75% of clocks                 | Provide missing clock activity with a constraint file, simulation results or by editing the "By Clock Domain" view |
| I/O nodes activity          | Low        | More than 75% of inputs are missing user specification | Provide missing input activity with simulation results or by editing the "By Resource Type -> I/Os" view           |
| Internal nodes activity     | Medium     | User specified less than 25% of internal nodes         | Provide missing internal nodes activity with simulation results or by editing the "By Resource Type" views         |
| Device models               | High       | Device models are Production                           |                                                                                                                    |
|                             |            |                                                        |                                                                                                                    |
| Overall confidence level    | Low        |                                                        |                                                                                                                    |
+-----------------------------+------------+--------------------------------------------------------+--------------------------------------------------------------------------------------------------------------------+


2. Settings
-----------

2.1 Environment
---------------

+-----------------------+--------------------------+
| Ambient Temp (C)      | 25.0                     |
| ThetaJA (C/W)         | 5.0                      |
| Airflow (LFM)         | 250                      |
| Heat Sink             | medium (Medium Profile)  |
| ThetaSA (C/W)         | 4.6                      |
| Board Selection       | medium (10"x10")         |
| # of Board Layers     | 12to15 (12 to 15 Layers) |
| Board Temperature (C) | 25.0                     |
+-----------------------+--------------------------+


2.2 Clock Constraints
---------------------

+--------------------+---------------------------------+-----------------+
| Clock              | Domain                          | Constraint (ns) |
+--------------------+---------------------------------+-----------------+
| clk100             | clk100                          |            10.0 |
| clk_out1_clk_wiz_0 | clk_div/inst/clk_out1_clk_wiz_0 |            20.0 |
| clk_out2_clk_wiz_0 | clk_div/inst/clk_out2_clk_wiz_0 |            40.0 |
| clk_out4_clk_wiz_0 | clk_div/inst/clk_out4_clk_wiz_0 |            41.7 |
| clkfbout_clk_wiz_0 | clk_div/inst/clkfbout_clk_wiz_0 |            10.0 |
+--------------------+---------------------------------+-----------------+


3. Detailed Reports
-------------------

3.1 By Hierarchy
----------------

+------------------------+-----------+
| Name                   | Power (W) |
+------------------------+-----------+
| ov7670_top             |     0.097 |
|   capture              |     0.001 |
|   clk_div              |     0.085 |
|     inst               |     0.085 |
|   u_frame_buffer       |     0.003 |
|     U0                 |     0.003 |
|       inst_blk_mem_gen |     0.003 |
+------------------------+-----------+


