
*** Running vivado
    with args -log ov7670_top.vdi -applog -m64 -product Vivado -messageDb vivado.pb -mode batch -source ov7670_top.tcl -notrace


****** Vivado v2025.2 (64-bit)
  **** SW Build 6299465 on Fri Nov 14 12:34:56 MST 2025
  **** IP Build 6300035 on Fri Nov 14 10:48:45 MST 2025
  **** SharedData Build 6298862 on Thu Nov 13 04:50:51 MST 2025
  **** Start of session at: Fri May  8 16:46:15 2026
    ** Copyright 1986-2022 Xilinx, Inc. All Rights Reserved.
    ** Copyright 2022-2025 Advanced Micro Devices, Inc. All Rights Reserved.

source ov7670_top.tcl -notrace
Command: link_design -top ov7670_top -part xc7a35tcpg236-1
Design is defaulting to srcset: sources_1
Design is defaulting to constrset: constrs_1
INFO: [Device 21-403] Loading part xc7a35tcpg236-1
INFO: [Project 1-5699] Read binary netlist with skipMacroContent - 1
INFO: [Project 1-454] Reading design checkpoint '/home/user/final_project_ov7670_group02/final_project_ov7670_group02.gen/sources_1/ip/clk_wiz_0/clk_wiz_0.dcp' for cell 'clk_div'
INFO: [Project 1-454] Reading design checkpoint '/home/user/final_project_ov7670_group02/final_project_ov7670_group02.gen/sources_1/ip/blk_mem_gen_0/blk_mem_gen_0.dcp' for cell 'u_frame_buffer'
Netlist sorting complete. Time (s): cpu = 00:00:00.02 ; elapsed = 00:00:00.01 . Memory (MB): peak = 2390.699 ; gain = 0.074 ; free physical = 5847 ; free virtual = 9737
INFO: [Netlist 29-17] Analyzing 90 Unisim elements for replacement
INFO: [Netlist 29-28] Unisim Transformation completed in 0 CPU seconds
INFO: [Project 1-479] Netlist was created with Vivado 2025.2
INFO: [Project 1-570] Preparing netlist for logic optimization
Parsing XDC File [/home/user/final_project_ov7670_group02/final_project_ov7670_group02.gen/sources_1/ip/clk_wiz_0/clk_wiz_0_board.xdc] for cell 'clk_div/inst'
Finished Parsing XDC File [/home/user/final_project_ov7670_group02/final_project_ov7670_group02.gen/sources_1/ip/clk_wiz_0/clk_wiz_0_board.xdc] for cell 'clk_div/inst'
Parsing XDC File [/home/user/final_project_ov7670_group02/final_project_ov7670_group02.gen/sources_1/ip/clk_wiz_0/clk_wiz_0.xdc] for cell 'clk_div/inst'
INFO: [Timing 38-35] Done setting XDC timing constraints. [/home/user/final_project_ov7670_group02/final_project_ov7670_group02.gen/sources_1/ip/clk_wiz_0/clk_wiz_0.xdc:54]
INFO: [Timing 38-2] Deriving generated clocks [/home/user/final_project_ov7670_group02/final_project_ov7670_group02.gen/sources_1/ip/clk_wiz_0/clk_wiz_0.xdc:54]
get_clocks: Time (s): cpu = 00:00:05 ; elapsed = 00:00:06 . Memory (MB): peak = 3033.805 ; gain = 514.598 ; free physical = 5263 ; free virtual = 9174
Finished Parsing XDC File [/home/user/final_project_ov7670_group02/final_project_ov7670_group02.gen/sources_1/ip/clk_wiz_0/clk_wiz_0.xdc] for cell 'clk_div/inst'
Parsing XDC File [/home/user/final_project_ov7670_group02/final_project_ov7670_group02.srcs/constrs_1/new/constrain.xdc]
Finished Parsing XDC File [/home/user/final_project_ov7670_group02/final_project_ov7670_group02.srcs/constrs_1/new/constrain.xdc]
INFO: [Opt 31-138] Pushed 0 inverter(s) to 0 load pin(s).
Netlist sorting complete. Time (s): cpu = 00:00:00 ; elapsed = 00:00:00 . Memory (MB): peak = 3034.980 ; gain = 0.000 ; free physical = 5261 ; free virtual = 9173
INFO: [Project 1-111] Unisim Transformation Summary:
  A total of 1 instances were transformed.
  IOBUF => IOBUF (IBUF, OBUFT): 1 instance 

12 Infos, 0 Warnings, 0 Critical Warnings and 0 Errors encountered.
link_design completed successfully
link_design: Time (s): cpu = 00:00:09 ; elapsed = 00:00:11 . Memory (MB): peak = 3037.270 ; gain = 902.695 ; free physical = 5262 ; free virtual = 9174
Command: opt_design
Attempting to get a license for feature 'Implementation' and/or device 'xc7a35t'
INFO: [Common 17-349] Got license for feature 'Implementation' and/or device 'xc7a35t'
Running DRC as a precondition to command opt_design

Starting DRC Task
INFO: [DRC 23-27] Running DRC with 8 threads
INFO: [Project 1-461] DRC finished with 0 Errors
INFO: [Project 1-462] Please refer to the DRC report (report_drc) for more information.

Time (s): cpu = 00:00:02 ; elapsed = 00:00:00.8 . Memory (MB): peak = 3070.527 ; gain = 33.258 ; free physical = 5229 ; free virtual = 9141

Starting Cache Timing Information Task
INFO: [Timing 38-35] Done setting XDC timing constraints.
Ending Cache Timing Information Task | Checksum: 14ac5c194

Time (s): cpu = 00:00:00.1 ; elapsed = 00:00:00.06 . Memory (MB): peak = 3095.598 ; gain = 25.062 ; free physical = 5217 ; free virtual = 9129

Starting Logic Optimization Task

Phase 1 Initialization

Phase 1.1 Core Generation And Design Setup
Phase 1.1 Core Generation And Design Setup | Checksum: 14ac5c194

Time (s): cpu = 00:00:00.01 ; elapsed = 00:00:00.01 . Memory (MB): peak = 3449.352 ; gain = 0.020 ; free physical = 4885 ; free virtual = 8797

Phase 1.2 Setup Constraints And Sort Netlist
Phase 1.2 Setup Constraints And Sort Netlist | Checksum: 14ac5c194

Time (s): cpu = 00:00:00.01 ; elapsed = 00:00:00.01 . Memory (MB): peak = 3449.371 ; gain = 0.039 ; free physical = 4885 ; free virtual = 8797
Phase 1 Initialization | Checksum: 14ac5c194

Time (s): cpu = 00:00:00.01 ; elapsed = 00:00:00.01 . Memory (MB): peak = 3449.371 ; gain = 0.039 ; free physical = 4885 ; free virtual = 8797

Phase 2 Timer Update And Timing Data Collection

Phase 2.1 Detect if minReqCache needed
Phase 2.1 Detect if minReqCache needed | Checksum: 14ac5c194

Time (s): cpu = 00:00:00.01 ; elapsed = 00:00:00.02 . Memory (MB): peak = 3449.402 ; gain = 0.070 ; free physical = 4881 ; free virtual = 8793

Phase 2.2 Timer Update
Phase 2.2 Timer Update | Checksum: 14ac5c194

Time (s): cpu = 00:00:00.09 ; elapsed = 00:00:00.09 . Memory (MB): peak = 3449.992 ; gain = 0.660 ; free physical = 4881 ; free virtual = 8793

Phase 2.3 Timing Data Collection
Phase 2.3 Timing Data Collection | Checksum: 14ac5c194

Time (s): cpu = 00:00:00.09 ; elapsed = 00:00:00.09 . Memory (MB): peak = 3449.996 ; gain = 0.664 ; free physical = 4881 ; free virtual = 8793
Phase 2 Timer Update And Timing Data Collection | Checksum: 14ac5c194

Time (s): cpu = 00:00:00.09 ; elapsed = 00:00:00.09 . Memory (MB): peak = 3449.996 ; gain = 0.664 ; free physical = 4881 ; free virtual = 8793

Phase 3 Retarget
INFO: [Opt 31-1851] Number of loadless carry chains removed were: 0
INFO: [Opt 31-1834] Total Chains To Be Transformed Were: 0 AND Number of Transformed insts Created are: 0
INFO: [Opt 31-1566] Pulled 1 inverters resulting in an inversion of 8 pins
INFO: [Opt 31-138] Pushed 1 inverter(s) to 6 load pin(s).
INFO: [Opt 31-49] Retargeted 0 cell(s).
Phase 3 Retarget | Checksum: 1cf4330a9

Time (s): cpu = 00:00:00.13 ; elapsed = 00:00:00.13 . Memory (MB): peak = 3450.395 ; gain = 1.062 ; free physical = 4879 ; free virtual = 8792
Retarget | Checksum: 1cf4330a9
INFO: [Opt 31-389] Phase Retarget created 0 cells and removed 2 cells
INFO: [Opt 31-1021] In phase Retarget, 1 netlist objects are constrained preventing optimization. Please run opt_design with -debug_log to get more detail. 

Phase 4 Constant propagation
INFO: [Opt 31-138] Pushed 0 inverter(s) to 0 load pin(s).
Phase 4 Constant propagation | Checksum: 1e9860be5

Time (s): cpu = 00:00:00.14 ; elapsed = 00:00:00.14 . Memory (MB): peak = 3450.453 ; gain = 1.121 ; free physical = 4879 ; free virtual = 8792
Constant propagation | Checksum: 1e9860be5
INFO: [Opt 31-389] Phase Constant propagation created 0 cells and removed 0 cells

Phase 5 Sweep
INFO: [Constraints 18-11670] Building netlist checker database with flags, 0x8
Done building netlist checker database: Time (s): cpu = 00:00:00 ; elapsed = 00:00:00 . Memory (MB): peak = 3450.500 ; gain = 0.004 ; free physical = 4879 ; free virtual = 8792
INFO: [Constraints 18-11670] Building netlist checker database with flags, 0x8
Done building netlist checker database: Time (s): cpu = 00:00:00 ; elapsed = 00:00:00 . Memory (MB): peak = 3450.551 ; gain = 0.000 ; free physical = 4879 ; free virtual = 8791
Phase 5 Sweep | Checksum: 2609f377d

Time (s): cpu = 00:00:00.17 ; elapsed = 00:00:00.17 . Memory (MB): peak = 3450.602 ; gain = 1.270 ; free physical = 4879 ; free virtual = 8791
Sweep | Checksum: 2609f377d
INFO: [Opt 31-389] Phase Sweep created 0 cells and removed 1 cells

Phase 6 BUFG optimization
Phase 6 BUFG optimization | Checksum: 2609f377d

Time (s): cpu = 00:00:00.2 ; elapsed = 00:00:00.19 . Memory (MB): peak = 3482.984 ; gain = 33.652 ; free physical = 4879 ; free virtual = 8791
BUFG optimization | Checksum: 2609f377d
INFO: [Opt 31-662] Phase BUFG optimization created 0 cells of which 0 are BUFGs and removed 0 cells.

Phase 7 Shift Register Optimization
INFO: [Opt 31-1064] SRL Remap converted 0 SRLs to 0 registers and converted 0 registers of register chains to 0 SRLs
Phase 7 Shift Register Optimization | Checksum: 2609f377d

Time (s): cpu = 00:00:00.2 ; elapsed = 00:00:00.2 . Memory (MB): peak = 3483.027 ; gain = 33.695 ; free physical = 4879 ; free virtual = 8791
Shift Register Optimization | Checksum: 2609f377d
INFO: [Opt 31-389] Phase Shift Register Optimization created 0 cells and removed 0 cells

Phase 8 Post Processing Netlist
Phase 8 Post Processing Netlist | Checksum: 2609f377d

Time (s): cpu = 00:00:00.2 ; elapsed = 00:00:00.21 . Memory (MB): peak = 3483.051 ; gain = 33.719 ; free physical = 4879 ; free virtual = 8791
Post Processing Netlist | Checksum: 2609f377d
INFO: [Opt 31-389] Phase Post Processing Netlist created 0 cells and removed 0 cells

Phase 9 Finalization

Phase 9.1 Finalizing Design Cores and Updating Shapes
Phase 9.1 Finalizing Design Cores and Updating Shapes | Checksum: 28f8db06b

Time (s): cpu = 00:00:00.22 ; elapsed = 00:00:00.22 . Memory (MB): peak = 3483.059 ; gain = 33.727 ; free physical = 4879 ; free virtual = 8791

Phase 9.2 Verifying Netlist Connectivity

Starting Connectivity Check Task

Time (s): cpu = 00:00:00 ; elapsed = 00:00:00 . Memory (MB): peak = 3483.105 ; gain = 0.043 ; free physical = 4879 ; free virtual = 8791
Phase 9.2 Verifying Netlist Connectivity | Checksum: 28f8db06b

Time (s): cpu = 00:00:00.22 ; elapsed = 00:00:00.22 . Memory (MB): peak = 3483.105 ; gain = 33.773 ; free physical = 4879 ; free virtual = 8791
Phase 9 Finalization | Checksum: 28f8db06b

Time (s): cpu = 00:00:00.22 ; elapsed = 00:00:00.23 . Memory (MB): peak = 3483.105 ; gain = 33.773 ; free physical = 4879 ; free virtual = 8791
Opt_design Change Summary
=========================


-------------------------------------------------------------------------------------------------------------------------
|  Phase                        |  #Cells created  |  #Cells Removed  |  #Constrained objects preventing optimizations  |
-------------------------------------------------------------------------------------------------------------------------
|  Retarget                     |               0  |               2  |                                              1  |
|  Constant propagation         |               0  |               0  |                                              0  |
|  Sweep                        |               0  |               1  |                                              0  |
|  BUFG optimization            |               0  |               0  |                                              0  |
|  Shift Register Optimization  |               0  |               0  |                                              0  |
|  Post Processing Netlist      |               0  |               0  |                                              0  |
-------------------------------------------------------------------------------------------------------------------------


Ending Logic Optimization Task | Checksum: 28f8db06b

Time (s): cpu = 00:00:00.23 ; elapsed = 00:00:00.23 . Memory (MB): peak = 3483.121 ; gain = 33.789 ; free physical = 4879 ; free virtual = 8791

Starting Power Optimization Task
INFO: [Pwropt 34-132] Skipping clock gating for clocks with a period < 2.00 ns.
INFO: [Timing 38-35] Done setting XDC timing constraints.
Running Vector-less Activity Propagation...

Finished Running Vector-less Activity Propagation
INFO: [Pwropt 34-9] Applying IDT optimizations ...
INFO: [Pwropt 34-10] Applying ODC optimizations ...


Starting PowerOpt Patch Enables Task
INFO: [Pwropt 34-162] WRITE_MODE attribute of 24 BRAM(s) out of a total of 27 has been updated to save power. Run report_power_opt to get a complete listing of the BRAMs updated.
INFO: [Pwropt 34-201] Structural ODC has moved 0 WE to EN ports
Number of BRAM Ports augmented: 33 newly gated: 24 Total Ports: 54
Ending PowerOpt Patch Enables Task | Checksum: 1e64f4744

Time (s): cpu = 00:00:00.09 ; elapsed = 00:00:00.08 . Memory (MB): peak = 3654.078 ; gain = 0.000 ; free physical = 4828 ; free virtual = 8751
Ending Power Optimization Task | Checksum: 1e64f4744

Time (s): cpu = 00:00:03 ; elapsed = 00:00:03 . Memory (MB): peak = 3654.078 ; gain = 170.934 ; free physical = 4828 ; free virtual = 8751

Starting Final Cleanup Task

Starting Logic Optimization Task
INFO: [Timing 38-35] Done setting XDC timing constraints.
Ending Logic Optimization Task | Checksum: 1988fda40

Time (s): cpu = 00:00:00.14 ; elapsed = 00:00:00.09 . Memory (MB): peak = 3654.078 ; gain = 0.000 ; free physical = 4827 ; free virtual = 8750
Ending Final Cleanup Task | Checksum: 1988fda40

Time (s): cpu = 00:00:02 ; elapsed = 00:00:02 . Memory (MB): peak = 3654.078 ; gain = 0.000 ; free physical = 4827 ; free virtual = 8750
Netlist sorting complete. Time (s): cpu = 00:00:00 ; elapsed = 00:00:00 . Memory (MB): peak = 3654.078 ; gain = 0.000 ; free physical = 4827 ; free virtual = 8750
INFO: [Common 17-83] Releasing license: Implementation
41 Infos, 0 Warnings, 0 Critical Warnings and 0 Errors encountered.
opt_design completed successfully
opt_design: Time (s): cpu = 00:00:09 ; elapsed = 00:00:08 . Memory (MB): peak = 3654.078 ; gain = 616.809 ; free physical = 4827 ; free virtual = 8750
INFO: [Vivado 12-24828] Executing command : report_drc -file ov7670_top_drc_opted.rpt -pb ov7670_top_drc_opted.pb -rpx ov7670_top_drc_opted.rpx
Command: report_drc -file ov7670_top_drc_opted.rpt -pb ov7670_top_drc_opted.pb -rpx ov7670_top_drc_opted.rpx
INFO: [IP_Flow 19-1839] IP Catalog is up to date.
INFO: [DRC 23-27] Running DRC with 8 threads
INFO: [Vivado_Tcl 2-168] The results of DRC are in file /home/user/final_project_ov7670_group02/final_project_ov7670_group02.runs/impl_1/ov7670_top_drc_opted.rpt.
report_drc completed successfully
INFO: [Timing 38-480] Writing timing data to binary archive.
Wrote PlaceDB: Time (s): cpu = 00:00:00 ; elapsed = 00:00:00 . Memory (MB): peak = 3654.078 ; gain = 0.000 ; free physical = 4816 ; free virtual = 8740
Wrote PulsedLatchDB: Time (s): cpu = 00:00:00.01 ; elapsed = 00:00:00 . Memory (MB): peak = 3654.078 ; gain = 0.000 ; free physical = 4816 ; free virtual = 8740
Writing XDEF routing.
Write ShapeDB Complete: Time (s): cpu = 00:00:00.06 ; elapsed = 00:00:00.05 . Memory (MB): peak = 3654.078 ; gain = 0.000 ; free physical = 4816 ; free virtual = 8740
Writing XDEF routing logical nets.
Writing XDEF routing special nets.
Wrote RouteStorage: Time (s): cpu = 00:00:00.04 ; elapsed = 00:00:00.02 . Memory (MB): peak = 3654.078 ; gain = 0.000 ; free physical = 4816 ; free virtual = 8740
Wrote PlaceStorage: Time (s): cpu = 00:00:00.02 ; elapsed = 00:00:00.02 . Memory (MB): peak = 3654.078 ; gain = 0.000 ; free physical = 4816 ; free virtual = 8740
Wrote Netlist Cache: Time (s): cpu = 00:00:00.01 ; elapsed = 00:00:00 . Memory (MB): peak = 3654.078 ; gain = 0.000 ; free physical = 4816 ; free virtual = 8740
Wrote Device Cache: Time (s): cpu = 00:00:00.04 ; elapsed = 00:00:00.01 . Memory (MB): peak = 3654.078 ; gain = 0.000 ; free physical = 4816 ; free virtual = 8740
Write Physdb Complete: Time (s): cpu = 00:00:00.17 ; elapsed = 00:00:00.1 . Memory (MB): peak = 3654.078 ; gain = 0.000 ; free physical = 4816 ; free virtual = 8740
INFO: [Common 17-1381] The checkpoint '/home/user/final_project_ov7670_group02/final_project_ov7670_group02.runs/impl_1/ov7670_top_opt.dcp' has been generated.
Command: place_design
Attempting to get a license for feature 'Implementation' and/or device 'xc7a35t'
INFO: [Common 17-349] Got license for feature 'Implementation' and/or device 'xc7a35t'
INFO: [Common 17-83] Releasing license: Implementation
INFO: [DRC 23-27] Running DRC with 8 threads
INFO: [Vivado_Tcl 4-198] DRC finished with 0 Errors
INFO: [Vivado_Tcl 4-199] Please refer to the DRC report (report_drc) for more information.
INFO: [Timing 38-35] Done setting XDC timing constraints.
Running DRC as a precondition to command place_design
INFO: [DRC 23-27] Running DRC with 8 threads
INFO: [Vivado_Tcl 4-198] DRC finished with 0 Errors
INFO: [Vivado_Tcl 4-199] Please refer to the DRC report (report_drc) for more information.
INFO: [Place 30-611] Multithreading enabled for place_design using a maximum of 8 CPUs

Starting Placer Task

Phase 1 Placer Initialization

Phase 1.1 Placer Initialization Netlist Sorting
Netlist sorting complete. Time (s): cpu = 00:00:00 ; elapsed = 00:00:00 . Memory (MB): peak = 3654.078 ; gain = 0.000 ; free physical = 4810 ; free virtual = 8735
Phase 1.1 Placer Initialization Netlist Sorting | Checksum: e5cae459

Time (s): cpu = 00:00:00.01 ; elapsed = 00:00:00.01 . Memory (MB): peak = 3654.078 ; gain = 0.000 ; free physical = 4810 ; free virtual = 8735
Netlist sorting complete. Time (s): cpu = 00:00:00 ; elapsed = 00:00:00 . Memory (MB): peak = 3654.078 ; gain = 0.000 ; free physical = 4810 ; free virtual = 8735

Phase 1.2 IO Placement/ Clock Placement/ Build Placer Device
Phase 1.2 IO Placement/ Clock Placement/ Build Placer Device | Checksum: 1aee5c7c3

Time (s): cpu = 00:00:00.28 ; elapsed = 00:00:00.18 . Memory (MB): peak = 3666.750 ; gain = 12.672 ; free physical = 4808 ; free virtual = 8737

Phase 1.3 Build Placer Netlist Model
Phase 1.3 Build Placer Netlist Model | Checksum: 1d829f814

Time (s): cpu = 00:00:00.7 ; elapsed = 00:00:00.55 . Memory (MB): peak = 3700.203 ; gain = 46.125 ; free physical = 4800 ; free virtual = 8729

Phase 1.4 Constrain Clocks/Macros
Phase 1.4 Constrain Clocks/Macros | Checksum: 1d829f814

Time (s): cpu = 00:00:00.71 ; elapsed = 00:00:00.56 . Memory (MB): peak = 3700.203 ; gain = 46.125 ; free physical = 4800 ; free virtual = 8730
Phase 1 Placer Initialization | Checksum: 1d829f814

Time (s): cpu = 00:00:00.72 ; elapsed = 00:00:00.57 . Memory (MB): peak = 3700.203 ; gain = 46.125 ; free physical = 4800 ; free virtual = 8730

Phase 2 Global Placement

Phase 2.1 Floorplanning
Phase 2.1 Floorplanning | Checksum: 22d36e54b

Time (s): cpu = 00:00:00.99 ; elapsed = 00:00:00.77 . Memory (MB): peak = 3701.395 ; gain = 47.316 ; free physical = 4931 ; free virtual = 8861

Phase 2.2 Update Timing before SLR Path Opt
Phase 2.2 Update Timing before SLR Path Opt | Checksum: 1c9170444

Time (s): cpu = 00:00:01 ; elapsed = 00:00:00.83 . Memory (MB): peak = 3701.527 ; gain = 47.449 ; free physical = 4936 ; free virtual = 8866

Phase 2.3 Post-Processing in Floorplanning
Phase 2.3 Post-Processing in Floorplanning | Checksum: 1c9170444

Time (s): cpu = 00:00:01 ; elapsed = 00:00:00.84 . Memory (MB): peak = 3701.527 ; gain = 47.449 ; free physical = 4936 ; free virtual = 8866

Phase 2.4 Global Place Phase1
Phase 2.4 Global Place Phase1 | Checksum: 27f9f453b

Time (s): cpu = 00:00:03 ; elapsed = 00:00:03 . Memory (MB): peak = 3702.832 ; gain = 48.754 ; free physical = 4941 ; free virtual = 8871

Phase 2.5 Global Place Phase2

Phase 2.5.1 UpdateTiming Before Physical Synthesis
Phase 2.5.1 UpdateTiming Before Physical Synthesis | Checksum: 27f9f453b

Time (s): cpu = 00:00:04 ; elapsed = 00:00:03 . Memory (MB): peak = 3702.883 ; gain = 48.805 ; free physical = 4942 ; free virtual = 8873

Phase 2.5.2 Physical Synthesis In Placer
INFO: [Physopt 32-1035] Found 0 LUTNM shape to break, 90 LUT instances to create LUTNM shape
INFO: [Physopt 32-1044] Break lutnm for timing: one critical 0, two critical 0, total 0, new lutff created 0
INFO: [Physopt 32-1138] End 1 Pass. Optimized 41 nets or LUTs. Breaked 0 LUT, combined 41 existing LUTs and moved 0 existing LUT
INFO: [Physopt 32-65] No nets found for high-fanout optimization.
INFO: [Physopt 32-232] Optimized 0 net. Created 0 new instance.
INFO: [Physopt 32-775] End 1 Pass. Optimized 0 net or cell. Created 0 new cell, deleted 0 existing cell and moved 0 existing cell
INFO: [Physopt 32-670] No setup violation found.  DSP Register Optimization was not performed.
INFO: [Physopt 32-670] No setup violation found.  Shift Register to Pipeline Optimization was not performed.
INFO: [Physopt 32-670] No setup violation found.  Shift Register Optimization was not performed.
INFO: [Physopt 32-670] No setup violation found.  BRAM Register Optimization was not performed.
INFO: [Physopt 32-670] No setup violation found.  URAM Register Optimization was not performed.
INFO: [Physopt 32-949] No candidate nets found for dynamic/static region interface net replication
INFO: [Physopt 32-775] End 1 Pass. Optimized 0 net or cell. Created 0 new cell, deleted 0 existing cell and moved 0 existing cell
Netlist sorting complete. Time (s): cpu = 00:00:00 ; elapsed = 00:00:00 . Memory (MB): peak = 3702.883 ; gain = 0.000 ; free physical = 4936 ; free virtual = 8869

Summary of Physical Synthesis Optimizations
============================================


-----------------------------------------------------------------------------------------------------------------------------------------------------------
|  Optimization                                     |  Added Cells  |  Removed Cells  |  Optimized Cells/Nets  |  Dont Touch  |  Iterations  |  Elapsed   |
-----------------------------------------------------------------------------------------------------------------------------------------------------------
|  LUT Combining                                    |            0  |             41  |                    41  |           0  |           1  |  00:00:00  |
|  Retime                                           |            0  |              0  |                     0  |           0  |           1  |  00:00:00  |
|  Very High Fanout                                 |            0  |              0  |                     0  |           0  |           1  |  00:00:00  |
|  DSP Register                                     |            0  |              0  |                     0  |           0  |           0  |  00:00:00  |
|  Shift Register to Pipeline                       |            0  |              0  |                     0  |           0  |           0  |  00:00:00  |
|  Shift Register                                   |            0  |              0  |                     0  |           0  |           0  |  00:00:00  |
|  BRAM Register                                    |            0  |              0  |                     0  |           0  |           0  |  00:00:00  |
|  URAM Register                                    |            0  |              0  |                     0  |           0  |           0  |  00:00:00  |
|  Dynamic/Static Region Interface Net Replication  |            0  |              0  |                     0  |           0  |           1  |  00:00:00  |
|  Total                                            |            0  |             41  |                    41  |           0  |           4  |  00:00:00  |
-----------------------------------------------------------------------------------------------------------------------------------------------------------


Phase 2.5.2 Physical Synthesis In Placer | Checksum: 20a017455

Time (s): cpu = 00:00:04 ; elapsed = 00:00:03 . Memory (MB): peak = 3703.020 ; gain = 48.941 ; free physical = 4935 ; free virtual = 8868
Phase 2.5 Global Place Phase2 | Checksum: 1deffbff5

Time (s): cpu = 00:00:04 ; elapsed = 00:00:03 . Memory (MB): peak = 3703.020 ; gain = 48.941 ; free physical = 4934 ; free virtual = 8867
Phase 2 Global Placement | Checksum: 1deffbff5

Time (s): cpu = 00:00:04 ; elapsed = 00:00:03 . Memory (MB): peak = 3703.020 ; gain = 48.941 ; free physical = 4934 ; free virtual = 8867

Phase 3 Detail Placement

Phase 3.1 Commit Multi Column Macros
Phase 3.1 Commit Multi Column Macros | Checksum: 1d560df2a

Time (s): cpu = 00:00:04 ; elapsed = 00:00:03 . Memory (MB): peak = 3703.277 ; gain = 49.199 ; free physical = 4934 ; free virtual = 8867

Phase 3.2 Commit Most Macros & LUTRAMs
Phase 3.2 Commit Most Macros & LUTRAMs | Checksum: 2d48533a8

Time (s): cpu = 00:00:04 ; elapsed = 00:00:03 . Memory (MB): peak = 3703.738 ; gain = 49.660 ; free physical = 4928 ; free virtual = 8861

Phase 3.3 Area Swap Optimization
Phase 3.3 Area Swap Optimization | Checksum: 2be4a4453

Time (s): cpu = 00:00:04 ; elapsed = 00:00:03 . Memory (MB): peak = 3703.738 ; gain = 49.660 ; free physical = 4927 ; free virtual = 8860

Phase 3.4 Pipeline Register Optimization
Phase 3.4 Pipeline Register Optimization | Checksum: 2f2cd1a31

Time (s): cpu = 00:00:04 ; elapsed = 00:00:03 . Memory (MB): peak = 3703.738 ; gain = 49.660 ; free physical = 4927 ; free virtual = 8860

Phase 3.5 Small Shape Detail Placement
Phase 3.5 Small Shape Detail Placement | Checksum: 2714c6968

Time (s): cpu = 00:00:04 ; elapsed = 00:00:03 . Memory (MB): peak = 3703.738 ; gain = 49.660 ; free physical = 4933 ; free virtual = 8867

Phase 3.6 Re-assign LUT pins
Phase 3.6 Re-assign LUT pins | Checksum: 233612461

Time (s): cpu = 00:00:05 ; elapsed = 00:00:03 . Memory (MB): peak = 3703.738 ; gain = 49.660 ; free physical = 4933 ; free virtual = 8867

Phase 3.7 Pipeline Register Optimization
Phase 3.7 Pipeline Register Optimization | Checksum: 1f7dc4b43

Time (s): cpu = 00:00:05 ; elapsed = 00:00:03 . Memory (MB): peak = 3703.738 ; gain = 49.660 ; free physical = 4933 ; free virtual = 8867
Phase 3 Detail Placement | Checksum: 1f7dc4b43

Time (s): cpu = 00:00:05 ; elapsed = 00:00:03 . Memory (MB): peak = 3703.738 ; gain = 49.660 ; free physical = 4933 ; free virtual = 8867

Phase 4 Post Placement Optimization and Clean-Up

Phase 4.1 Post Commit Optimization
INFO: [Timing 38-35] Done setting XDC timing constraints.

Phase 4.1.1 Post Placement Optimization
Post Placement Optimization Initialization | Checksum: 14efc1b72

Phase 4.1.1.1 BUFG Insertion

Starting Physical Synthesis Task

Phase 1 Physical Synthesis Initialization
INFO: [Physopt 32-721] Multithreading enabled for phys_opt_design using a maximum of 8 CPUs
INFO: [Physopt 32-619] Estimated Timing Summary | WNS=17.539 | TNS=0.000 |
Phase 1 Physical Synthesis Initialization | Checksum: 10cb4d8ce

Time (s): cpu = 00:00:00.03 ; elapsed = 00:00:00.02 . Memory (MB): peak = 3703.738 ; gain = 0.000 ; free physical = 4932 ; free virtual = 8866
INFO: [Place 46-56] BUFG insertion identified 0 candidate nets. Inserted BUFG: 0, Replicated BUFG Driver: 0, Skipped due to Placement/Routing Conflicts: 0, Skipped due to Timing Degradation: 0, Skipped due to netlist editing failed: 0.
Ending Physical Synthesis Task | Checksum: 1f83abfaf

Time (s): cpu = 00:00:00.04 ; elapsed = 00:00:00.02 . Memory (MB): peak = 3703.738 ; gain = 0.000 ; free physical = 4928 ; free virtual = 8862
Phase 4.1.1.1 BUFG Insertion | Checksum: 14efc1b72

Time (s): cpu = 00:00:05 ; elapsed = 00:00:04 . Memory (MB): peak = 3703.738 ; gain = 49.660 ; free physical = 4928 ; free virtual = 8862

Phase 4.1.1.2 Post Placement Timing Optimization
INFO: [Place 30-746] Post Placement Timing Summary WNS=17.539. For the most accurate timing information please run report_timing.
Phase 4.1.1.2 Post Placement Timing Optimization | Checksum: 1b69aea98

Time (s): cpu = 00:00:05 ; elapsed = 00:00:04 . Memory (MB): peak = 3703.738 ; gain = 49.660 ; free physical = 4928 ; free virtual = 8862

Time (s): cpu = 00:00:05 ; elapsed = 00:00:04 . Memory (MB): peak = 3703.738 ; gain = 49.660 ; free physical = 4928 ; free virtual = 8862
Phase 4.1 Post Commit Optimization | Checksum: 1b69aea98

Time (s): cpu = 00:00:05 ; elapsed = 00:00:04 . Memory (MB): peak = 3703.738 ; gain = 49.660 ; free physical = 4928 ; free virtual = 8862

Phase 4.2 Post Placement Cleanup
Phase 4.2 Post Placement Cleanup | Checksum: 1b69aea98

Time (s): cpu = 00:00:05 ; elapsed = 00:00:04 . Memory (MB): peak = 3703.738 ; gain = 49.660 ; free physical = 4928 ; free virtual = 8862

Phase 4.3 Placer Reporting

Phase 4.3.1 Print Estimated Congestion
INFO: [Place 30-612] Post-Placement Estimated Congestion 
 ____________________________________________________
|           | Global Congestion | Short Congestion  |
| Direction | Region Size       | Region Size       |
|___________|___________________|___________________|
|      North|                1x1|                1x1|
|___________|___________________|___________________|
|      South|                1x1|                1x1|
|___________|___________________|___________________|
|       East|                1x1|                1x1|
|___________|___________________|___________________|
|       West|                1x1|                1x1|
|___________|___________________|___________________|

Phase 4.3.1 Print Estimated Congestion | Checksum: 1b69aea98

Time (s): cpu = 00:00:05 ; elapsed = 00:00:04 . Memory (MB): peak = 3703.738 ; gain = 49.660 ; free physical = 4928 ; free virtual = 8862
Phase 4.3 Placer Reporting | Checksum: 1b69aea98

Time (s): cpu = 00:00:05 ; elapsed = 00:00:04 . Memory (MB): peak = 3703.738 ; gain = 49.660 ; free physical = 4928 ; free virtual = 8862

Phase 4.4 Final Placement Cleanup
Netlist sorting complete. Time (s): cpu = 00:00:00 ; elapsed = 00:00:00 . Memory (MB): peak = 3703.738 ; gain = 0.000 ; free physical = 4928 ; free virtual = 8862

Time (s): cpu = 00:00:05 ; elapsed = 00:00:04 . Memory (MB): peak = 3703.738 ; gain = 49.660 ; free physical = 4928 ; free virtual = 8862
Phase 4 Post Placement Optimization and Clean-Up | Checksum: 1ce6bbcfd

Time (s): cpu = 00:00:05 ; elapsed = 00:00:04 . Memory (MB): peak = 3703.738 ; gain = 49.660 ; free physical = 4928 ; free virtual = 8862
Ending Placer Task | Checksum: 15d469c2d

Time (s): cpu = 00:00:05 ; elapsed = 00:00:04 . Memory (MB): peak = 3703.738 ; gain = 49.660 ; free physical = 4928 ; free virtual = 8862
76 Infos, 0 Warnings, 0 Critical Warnings and 0 Errors encountered.
place_design completed successfully
INFO: [Vivado 12-24838] Running report commands "report_control_sets, report_io, report_utilization" in parallel.
Running report generation with 3 threads.
INFO: [Vivado 12-24828] Executing command : report_control_sets -verbose -file ov7670_top_control_sets_placed.rpt
report_control_sets: Time (s): cpu = 00:00:00.06 ; elapsed = 00:00:00.05 . Memory (MB): peak = 3703.738 ; gain = 0.000 ; free physical = 4884 ; free virtual = 8818
INFO: [Vivado 12-24828] Executing command : report_utilization -file ov7670_top_utilization_placed.rpt -pb ov7670_top_utilization_placed.pb
INFO: [Vivado 12-24828] Executing command : report_io -file ov7670_top_io_placed.rpt
report_io: Time (s): cpu = 00:00:00.13 ; elapsed = 00:00:00.11 . Memory (MB): peak = 3703.738 ; gain = 0.000 ; free physical = 4892 ; free virtual = 8827
INFO: [Timing 38-480] Writing timing data to binary archive.
Write ShapeDB Complete: Time (s): cpu = 00:00:00.01 ; elapsed = 00:00:00 . Memory (MB): peak = 3703.738 ; gain = 0.000 ; free physical = 4890 ; free virtual = 8824
Wrote PlaceDB: Time (s): cpu = 00:00:00 ; elapsed = 00:00:00 . Memory (MB): peak = 3703.738 ; gain = 0.000 ; free physical = 4890 ; free virtual = 8824
Wrote PulsedLatchDB: Time (s): cpu = 00:00:00 ; elapsed = 00:00:00 . Memory (MB): peak = 3703.738 ; gain = 0.000 ; free physical = 4890 ; free virtual = 8824
Writing XDEF routing.
Writing XDEF routing logical nets.
Writing XDEF routing special nets.
Wrote RouteStorage: Time (s): cpu = 00:00:00.08 ; elapsed = 00:00:00.04 . Memory (MB): peak = 3703.738 ; gain = 0.000 ; free physical = 4882 ; free virtual = 8817
Wrote PlaceStorage: Time (s): cpu = 00:00:00.08 ; elapsed = 00:00:00.05 . Memory (MB): peak = 3703.738 ; gain = 0.000 ; free physical = 4882 ; free virtual = 8817
Wrote Netlist Cache: Time (s): cpu = 00:00:00 ; elapsed = 00:00:00 . Memory (MB): peak = 3703.738 ; gain = 0.000 ; free physical = 4882 ; free virtual = 8817
Wrote Device Cache: Time (s): cpu = 00:00:00 ; elapsed = 00:00:00 . Memory (MB): peak = 3703.738 ; gain = 0.000 ; free physical = 4882 ; free virtual = 8817
Write Physdb Complete: Time (s): cpu = 00:00:00.17 ; elapsed = 00:00:00.1 . Memory (MB): peak = 3703.738 ; gain = 0.000 ; free physical = 4882 ; free virtual = 8817
INFO: [Common 17-1381] The checkpoint '/home/user/final_project_ov7670_group02/final_project_ov7670_group02.runs/impl_1/ov7670_top_placed.dcp' has been generated.
Command: phys_opt_design
Attempting to get a license for feature 'Implementation' and/or device 'xc7a35t'
INFO: [Common 17-349] Got license for feature 'Implementation' and/or device 'xc7a35t'

Starting Initial Update Timing Task

Time (s): cpu = 00:00:00.3 ; elapsed = 00:00:00.09 . Memory (MB): peak = 3703.738 ; gain = 0.000 ; free physical = 4877 ; free virtual = 8811
INFO: [Vivado_Tcl 4-2279] Estimated Timing Summary | WNS= 17.539 | TNS= 0.000 | 
INFO: [Vivado_Tcl 4-383] Design worst setup slack (WNS) is greater than or equal to 0.000 ns. All physical synthesis setup optimizations will be skipped.
INFO: [Vivado_Tcl 4-232] No setup violation found. The netlist was not modified.
INFO: [Common 17-83] Releasing license: Implementation
87 Infos, 0 Warnings, 0 Critical Warnings and 0 Errors encountered.
phys_opt_design completed successfully
Write ShapeDB Complete: Time (s): cpu = 00:00:00.01 ; elapsed = 00:00:00 . Memory (MB): peak = 3703.738 ; gain = 0.000 ; free physical = 4877 ; free virtual = 8811
INFO: [Timing 38-480] Writing timing data to binary archive.
Wrote PlaceDB: Time (s): cpu = 00:00:00 ; elapsed = 00:00:00 . Memory (MB): peak = 3703.738 ; gain = 0.000 ; free physical = 4877 ; free virtual = 8811
Wrote PulsedLatchDB: Time (s): cpu = 00:00:00 ; elapsed = 00:00:00 . Memory (MB): peak = 3703.738 ; gain = 0.000 ; free physical = 4877 ; free virtual = 8811
Writing XDEF routing.
Writing XDEF routing logical nets.
Writing XDEF routing special nets.
Wrote RouteStorage: Time (s): cpu = 00:00:00.07 ; elapsed = 00:00:00.03 . Memory (MB): peak = 3703.738 ; gain = 0.000 ; free physical = 4877 ; free virtual = 8811
Wrote PlaceStorage: Time (s): cpu = 00:00:00.1 ; elapsed = 00:00:00.05 . Memory (MB): peak = 3703.738 ; gain = 0.000 ; free physical = 4874 ; free virtual = 8808
Wrote Netlist Cache: Time (s): cpu = 00:00:00 ; elapsed = 00:00:00 . Memory (MB): peak = 3703.738 ; gain = 0.000 ; free physical = 4874 ; free virtual = 8809
Wrote Device Cache: Time (s): cpu = 00:00:00 ; elapsed = 00:00:00 . Memory (MB): peak = 3703.738 ; gain = 0.000 ; free physical = 4873 ; free virtual = 8809
Write Physdb Complete: Time (s): cpu = 00:00:00.17 ; elapsed = 00:00:00.09 . Memory (MB): peak = 3703.738 ; gain = 0.000 ; free physical = 4873 ; free virtual = 8809
INFO: [Common 17-1381] The checkpoint '/home/user/final_project_ov7670_group02/final_project_ov7670_group02.runs/impl_1/ov7670_top_physopt.dcp' has been generated.
Command: route_design
Attempting to get a license for feature 'Implementation' and/or device 'xc7a35t'
INFO: [Common 17-349] Got license for feature 'Implementation' and/or device 'xc7a35t'


Starting Routing Task
INFO: [Route 35-254] Multithreading enabled for route_design using a maximum of 8 CPUs

Phase 1 Build RT Design
Checksum: PlaceDB: 5f816eae ConstDB: 0 ShapeSum: 5d43d128 RouteDB: a0815c57
Post Restoration Checksum: NetGraph: e5add555 | NumContArr: 4d3fd2e7 | Constraints: c2a8fa9d | Timing: c2a8fa9d
Phase 1 Build RT Design | Checksum: 2b83f9d76

Time (s): cpu = 00:00:12 ; elapsed = 00:00:11 . Memory (MB): peak = 3703.738 ; gain = 0.000 ; free physical = 4822 ; free virtual = 8757

Phase 2 Router Initialization

Phase 2.1 Fix Topology Constraints
Phase 2.1 Fix Topology Constraints | Checksum: 2b83f9d76

Time (s): cpu = 00:00:12 ; elapsed = 00:00:11 . Memory (MB): peak = 3703.738 ; gain = 0.000 ; free physical = 4822 ; free virtual = 8758

Phase 2.2 Pre Route Cleanup
Phase 2.2 Pre Route Cleanup | Checksum: 2b83f9d76

Time (s): cpu = 00:00:12 ; elapsed = 00:00:11 . Memory (MB): peak = 3703.738 ; gain = 0.000 ; free physical = 4822 ; free virtual = 8758
 Number of Nodes with overlaps = 0

Phase 2.3 Update Timing
Phase 2.3 Update Timing | Checksum: 2b0c889c0

Time (s): cpu = 00:00:13 ; elapsed = 00:00:11 . Memory (MB): peak = 3703.738 ; gain = 0.000 ; free physical = 4813 ; free virtual = 8750
INFO: [Route 35-416] Intermediate Timing Summary | WNS=17.449 | TNS=0.000  | WHS=-0.134 | THS=-3.893 |


Phase 2.4 Soft Constraint Pins - Fast Budgeting
Phase 2.4 Soft Constraint Pins - Fast Budgeting | Checksum: 27ebeb965

Time (s): cpu = 00:00:13 ; elapsed = 00:00:11 . Memory (MB): peak = 3703.738 ; gain = 0.000 ; free physical = 4813 ; free virtual = 8750

Router Utilization Summary
  Global Vertical Routing Utilization    = 0 %
  Global Horizontal Routing Utilization  = 0 %
  Routable Net Status*
  *Does not include unroutable nets such as driverless and loadless.
  Run report_route_status for detailed report.
  Number of Failed Nets               = 867
    (Failed Nets is the sum of unrouted and partially routed nets)
  Number of Unrouted Nets             = 867
  Number of Partially Routed Nets     = 0
  Number of Node Overlaps             = 0

Phase 2 Router Initialization | Checksum: 26a31177a

Time (s): cpu = 00:00:13 ; elapsed = 00:00:12 . Memory (MB): peak = 3703.738 ; gain = 0.000 ; free physical = 4813 ; free virtual = 8750

Phase 3 Global Routing
Phase 3 Global Routing | Checksum: 26a31177a

Time (s): cpu = 00:00:13 ; elapsed = 00:00:12 . Memory (MB): peak = 3703.738 ; gain = 0.000 ; free physical = 4813 ; free virtual = 8750

Phase 4 Initial Routing

Phase 4.1 Initial Net Routing Pass
Phase 4.1 Initial Net Routing Pass | Checksum: 2a3fc017c

Time (s): cpu = 00:00:14 ; elapsed = 00:00:12 . Memory (MB): peak = 3703.738 ; gain = 0.000 ; free physical = 4809 ; free virtual = 8746
Phase 4 Initial Routing | Checksum: 2a3fc017c

Time (s): cpu = 00:00:14 ; elapsed = 00:00:12 . Memory (MB): peak = 3703.738 ; gain = 0.000 ; free physical = 4809 ; free virtual = 8746

Phase 5 Rip-up And Reroute

Phase 5.1 Global Iteration 0
 Number of Nodes with overlaps = 54
 Number of Nodes with overlaps = 0
INFO: [Route 35-416] Intermediate Timing Summary | WNS=16.122 | TNS=0.000  | WHS=N/A    | THS=N/A    |

Phase 5.1 Global Iteration 0 | Checksum: 1c133998f

Time (s): cpu = 00:00:14 ; elapsed = 00:00:12 . Memory (MB): peak = 3703.738 ; gain = 0.000 ; free physical = 4804 ; free virtual = 8741

Phase 5.2 Global Iteration 1
 Number of Nodes with overlaps = 2
 Number of Nodes with overlaps = 0
INFO: [Route 35-416] Intermediate Timing Summary | WNS=16.122 | TNS=0.000  | WHS=N/A    | THS=N/A    |

Phase 5.2 Global Iteration 1 | Checksum: 26a41755c

Time (s): cpu = 00:00:14 ; elapsed = 00:00:12 . Memory (MB): peak = 3703.738 ; gain = 0.000 ; free physical = 4804 ; free virtual = 8741
Phase 5 Rip-up And Reroute | Checksum: 26a41755c

Time (s): cpu = 00:00:14 ; elapsed = 00:00:12 . Memory (MB): peak = 3703.738 ; gain = 0.000 ; free physical = 4804 ; free virtual = 8741

Phase 6 Delay and Skew Optimization

Phase 6.1 Delay CleanUp
Phase 6.1 Delay CleanUp | Checksum: 26a41755c

Time (s): cpu = 00:00:14 ; elapsed = 00:00:12 . Memory (MB): peak = 3703.738 ; gain = 0.000 ; free physical = 4804 ; free virtual = 8741

Phase 6.2 Clock Skew Optimization
Phase 6.2 Clock Skew Optimization | Checksum: 26a41755c

Time (s): cpu = 00:00:14 ; elapsed = 00:00:12 . Memory (MB): peak = 3703.738 ; gain = 0.000 ; free physical = 4804 ; free virtual = 8741
Phase 6 Delay and Skew Optimization | Checksum: 26a41755c

Time (s): cpu = 00:00:14 ; elapsed = 00:00:12 . Memory (MB): peak = 3703.738 ; gain = 0.000 ; free physical = 4804 ; free virtual = 8741

Phase 7 Post Hold Fix

Phase 7.1 Hold Fix Iter
INFO: [Route 35-416] Intermediate Timing Summary | WNS=16.122 | TNS=0.000  | WHS=0.198  | THS=0.000  |

Phase 7.1 Hold Fix Iter | Checksum: 2ba0b8072

Time (s): cpu = 00:00:14 ; elapsed = 00:00:12 . Memory (MB): peak = 3703.738 ; gain = 0.000 ; free physical = 4804 ; free virtual = 8741
Phase 7 Post Hold Fix | Checksum: 2ba0b8072

Time (s): cpu = 00:00:14 ; elapsed = 00:00:12 . Memory (MB): peak = 3703.738 ; gain = 0.000 ; free physical = 4804 ; free virtual = 8741

Phase 8 Route finalize

Router Utilization Summary
  Global Vertical Routing Utilization    = 0.519812 %
  Global Horizontal Routing Utilization  = 0.614263 %
  Routable Net Status*
  *Does not include unroutable nets such as driverless and loadless.
  Run report_route_status for detailed report.
  Number of Failed Nets               = 0
    (Failed Nets is the sum of unrouted and partially routed nets)
  Number of Unrouted Nets             = 0
  Number of Partially Routed Nets     = 0
  Number of Node Overlaps             = 0

Phase 8 Route finalize | Checksum: 2ba0b8072

Time (s): cpu = 00:00:14 ; elapsed = 00:00:12 . Memory (MB): peak = 3703.738 ; gain = 0.000 ; free physical = 4804 ; free virtual = 8741

Phase 9 Verifying routed nets

 Verification completed successfully
Phase 9 Verifying routed nets | Checksum: 2ba0b8072

Time (s): cpu = 00:00:14 ; elapsed = 00:00:12 . Memory (MB): peak = 3703.738 ; gain = 0.000 ; free physical = 4804 ; free virtual = 8741

Phase 10 Depositing Routes
Phase 10 Depositing Routes | Checksum: 23e94d2a0

Time (s): cpu = 00:00:15 ; elapsed = 00:00:12 . Memory (MB): peak = 3703.738 ; gain = 0.000 ; free physical = 4803 ; free virtual = 8740

Phase 11 Post Process Routing
Phase 11 Post Process Routing | Checksum: 23e94d2a0

Time (s): cpu = 00:00:15 ; elapsed = 00:00:12 . Memory (MB): peak = 3703.738 ; gain = 0.000 ; free physical = 4803 ; free virtual = 8740

Phase 12 Post Router Timing
INFO: [Route 35-57] Estimated Timing Summary | WNS=16.122 | TNS=0.000  | WHS=0.198  | THS=0.000  |

INFO: [Route 35-327] The final timing numbers are based on the router estimated timing analysis. For a complete and accurate timing signoff, please run report_timing_summary.
Phase 12 Post Router Timing | Checksum: 23e94d2a0

Time (s): cpu = 00:00:15 ; elapsed = 00:00:12 . Memory (MB): peak = 3703.738 ; gain = 0.000 ; free physical = 4803 ; free virtual = 8740
Total Elapsed time in route_design: 12.18 secs

Phase 13 Post-Route Event Processing
Phase 13 Post-Route Event Processing | Checksum: 184cb3fa0

Time (s): cpu = 00:00:15 ; elapsed = 00:00:12 . Memory (MB): peak = 3703.738 ; gain = 0.000 ; free physical = 4803 ; free virtual = 8740
INFO: [Route 35-16] Router Completed Successfully
Ending Routing Task | Checksum: 184cb3fa0

Time (s): cpu = 00:00:15 ; elapsed = 00:00:12 . Memory (MB): peak = 3703.738 ; gain = 0.000 ; free physical = 4803 ; free virtual = 8740

Routing Is Done.
INFO: [Common 17-83] Releasing license: Implementation
99 Infos, 0 Warnings, 0 Critical Warnings and 0 Errors encountered.
route_design completed successfully
route_design: Time (s): cpu = 00:00:15 ; elapsed = 00:00:12 . Memory (MB): peak = 3703.738 ; gain = 0.000 ; free physical = 4803 ; free virtual = 8740
INFO: [Vivado 12-24828] Executing command : report_drc -file ov7670_top_drc_routed.rpt -pb ov7670_top_drc_routed.pb -rpx ov7670_top_drc_routed.rpx
Command: report_drc -file ov7670_top_drc_routed.rpt -pb ov7670_top_drc_routed.pb -rpx ov7670_top_drc_routed.rpx
INFO: [IP_Flow 19-1839] IP Catalog is up to date.
INFO: [DRC 23-27] Running DRC with 8 threads
INFO: [Vivado_Tcl 2-168] The results of DRC are in file /home/user/final_project_ov7670_group02/final_project_ov7670_group02.runs/impl_1/ov7670_top_drc_routed.rpt.
report_drc completed successfully
INFO: [Vivado 12-24828] Executing command : report_methodology -file ov7670_top_methodology_drc_routed.rpt -pb ov7670_top_methodology_drc_routed.pb -rpx ov7670_top_methodology_drc_routed.rpx
Command: report_methodology -file ov7670_top_methodology_drc_routed.rpt -pb ov7670_top_methodology_drc_routed.pb -rpx ov7670_top_methodology_drc_routed.rpx
INFO: [Timing 38-35] Done setting XDC timing constraints.
INFO: [DRC 23-133] Running Methodology with 8 threads
INFO: [Vivado_Tcl 2-1520] The results of Report Methodology are in file /home/user/final_project_ov7670_group02/final_project_ov7670_group02.runs/impl_1/ov7670_top_methodology_drc_routed.rpt.
report_methodology completed successfully
INFO: [Vivado 12-24828] Executing command : report_timing_summary -max_paths 10 -routable_nets -report_unconstrained -file ov7670_top_timing_summary_routed.rpt -pb ov7670_top_timing_summary_routed.pb -rpx ov7670_top_timing_summary_routed.rpx -warn_on_violation 
INFO: [Timing 38-35] Done setting XDC timing constraints.
INFO: [Timing 38-91] UpdateTimingParams: Speed grade: -1, Delay Type: min_max.
INFO: [Timing 38-191] Multithreading enabled for timing update using a maximum of 8 CPUs
INFO: [Vivado 12-24838] Running report commands "report_bus_skew, report_incremental_reuse, report_route_status" in parallel.
Running report generation with 3 threads.
INFO: [Vivado 12-24828] Executing command : report_incremental_reuse -file ov7670_top_incremental_reuse_routed.rpt
INFO: [Vivado_Tcl 4-1062] Incremental flow is disabled. No incremental reuse Info to report.
INFO: [Vivado 12-24828] Executing command : report_route_status -file ov7670_top_route_status.rpt -pb ov7670_top_route_status.pb
INFO: [Vivado 12-24828] Executing command : report_bus_skew -warn_on_violation -file ov7670_top_bus_skew_routed.rpt -pb ov7670_top_bus_skew_routed.pb -rpx ov7670_top_bus_skew_routed.rpx
INFO: [Timing 38-91] UpdateTimingParams: Speed grade: -1, Delay Type: min_max.
INFO: [Timing 38-191] Multithreading enabled for timing update using a maximum of 8 CPUs
INFO: [Vivado 12-24828] Executing command : report_power -file ov7670_top_power_routed.rpt -pb ov7670_top_power_summary_routed.pb -rpx ov7670_top_power_routed.rpx
Command: report_power -file ov7670_top_power_routed.rpt -pb ov7670_top_power_summary_routed.pb -rpx ov7670_top_power_routed.rpx
Running Vector-less Activity Propagation...

Finished Running Vector-less Activity Propagation
119 Infos, 0 Warnings, 0 Critical Warnings and 0 Errors encountered.
report_power completed successfully
INFO: [Vivado 12-24828] Executing command : report_clock_utilization -file ov7670_top_clock_utilization_routed.rpt
Wrote PlaceDB: Time (s): cpu = 00:00:00 ; elapsed = 00:00:00 . Memory (MB): peak = 3722.449 ; gain = 0.000 ; free physical = 4762 ; free virtual = 8699
INFO: [Timing 38-480] Writing timing data to binary archive.
Write ShapeDB Complete: Time (s): cpu = 00:00:00 ; elapsed = 00:00:00 . Memory (MB): peak = 3722.449 ; gain = 0.000 ; free physical = 4762 ; free virtual = 8699
Wrote PulsedLatchDB: Time (s): cpu = 00:00:00 ; elapsed = 00:00:00 . Memory (MB): peak = 3722.449 ; gain = 0.000 ; free physical = 4762 ; free virtual = 8699
Writing XDEF routing.
Writing XDEF routing logical nets.
Writing XDEF routing special nets.
Wrote RouteStorage: Time (s): cpu = 00:00:00.12 ; elapsed = 00:00:00.05 . Memory (MB): peak = 3722.449 ; gain = 0.000 ; free physical = 4762 ; free virtual = 8699
Wrote PlaceStorage: Time (s): cpu = 00:00:00.06 ; elapsed = 00:00:00.04 . Memory (MB): peak = 3722.449 ; gain = 0.000 ; free physical = 4762 ; free virtual = 8700
Wrote Netlist Cache: Time (s): cpu = 00:00:00 ; elapsed = 00:00:00.01 . Memory (MB): peak = 3722.449 ; gain = 0.000 ; free physical = 4762 ; free virtual = 8700
Wrote Device Cache: Time (s): cpu = 00:00:00 ; elapsed = 00:00:00 . Memory (MB): peak = 3722.449 ; gain = 0.000 ; free physical = 4761 ; free virtual = 8699
Write Physdb Complete: Time (s): cpu = 00:00:00.18 ; elapsed = 00:00:00.1 . Memory (MB): peak = 3722.449 ; gain = 0.000 ; free physical = 4761 ; free virtual = 8699
INFO: [Common 17-1381] The checkpoint '/home/user/final_project_ov7670_group02/final_project_ov7670_group02.runs/impl_1/ov7670_top_routed.dcp' has been generated.
Command: write_bitstream -force ov7670_top.bit
Attempting to get a license for feature 'Implementation' and/or device 'xc7a35t'
INFO: [Common 17-349] Got license for feature 'Implementation' and/or device 'xc7a35t'
Running DRC as a precondition to command write_bitstream
INFO: [IP_Flow 19-1839] IP Catalog is up to date.
INFO: [DRC 23-27] Running DRC with 8 threads
INFO: [Vivado 12-3199] DRC finished with 0 Errors
INFO: [Vivado 12-3200] Please refer to the DRC report (report_drc) for more information.
Integrating Hard IP ELF/MEM with the PDI.
INFO: [Designutils 20-2272] Running write_bitstream with 8 threads.
Loading data files...
Loading site data...
Loading route data...
Processing options...
Creating bitmap...
Creating bitstream...
Writing bitstream ./ov7670_top.bit...
INFO: [Vivado 12-1842] Bitgen Completed Successfully.
INFO: [Common 17-83] Releasing license: Implementation
130 Infos, 0 Warnings, 0 Critical Warnings and 0 Errors encountered.
write_bitstream completed successfully
write_bitstream: Time (s): cpu = 00:00:11 ; elapsed = 00:00:15 . Memory (MB): peak = 3796.461 ; gain = 74.012 ; free physical = 4573 ; free virtual = 8516
INFO: [Common 17-206] Exiting Vivado at Fri May  8 16:47:17 2026...
